AR lfsr behavioral "C:/Users/HP EliteBook 840 G1/dd-stari/prvi.vhd" sub00/vhpl01 1642091832
EN test1 NULL "C:/Users/HP EliteBook 840 G1/dd-stari/test1.vhd" sub00/vhpl03 1642090950
EN lfsr NULL "C:/Users/HP EliteBook 840 G1/dd-stari/prvi.vhd" sub00/vhpl00 1642091831
EN test NULL "C:/Users/HP EliteBook 840 G1/dd-stari/test.vhd" sub00/vhpl02 1642091833
